kyle gets a aquamarine lightsaber 
kyle gets a aquamarine moonsquisher 
kyle gets a beige lightsaber 
kyle gets a beige moonsquisher 
kyle gets a ochre lightsaber 
kyle gets a ochre moonsquisher 
malloc gets a aquamarine lightsaber 
malloc gets a aquamarine moonsquisher 
malloc gets a beige lightsaber 
malloc gets a beige moonsquisher 
malloc gets a ochre lightsaber 
malloc gets a ochre moonsquisher 
sebelius gets a aquamarine lightsaber 
sebelius gets a aquamarine moonsquisher 
sebelius gets a beige lightsaber 
sebelius gets a beige moonsquisher 
sebelius gets a ochre lightsaber 
sebelius gets a ochre moonsquisher 
