OOOOOOOOOoooo.......
OOOOOOOOOoooo.......
OOO000OOOOooo.......
OO00000OOOooo.......
OO00+00OOOoo........
OO00000OOooo........
OOO000OOOoo....xxxxx
OOOOOOOOoo...xxxxxxx
OOOOOOOoo...xxxxxxxx
ooOOOooo...xxxXXXxxx
ooooooo...xxXXXXXXXx
oooooo...xxXXXXXXXXX
oooo....xxXXX%%%XXXX
.......xxxXX%%%%%XXX
.......xxXXX%%-%%XXX
......xxxXXX%%%%%XXX
......xxxXXXX%%%XXXX
......xxxxXXXXXXXXXX
......xxxxXXXXXXXXXX
......xxxxxXXXXXXXXx
