XXXXXXXXXXxxxxxxxxxx
XXXXXXXXXXxxxxxxxxxx
XXX%%%XXXXxxxxxxxxxx
XX%%%%%XXXxxxxxxxxxx
XX%%-%%XXxxxxxxxxxxx
XX%%%%%Xxx..xxxxxxxx
XXX%%%Xx.oo..xxxxxxx
XXXXXXx.OOOo..xxxxxx
XXXXXx.O000Oo.xxxxxx
XXXXxxoO0+0OoxxXXXXX
xxxxx.oO000O.xXXXXXX
xxxxx..oOOO.xXXXXXXX
xxxxxx..oo.xX%%%XXXX
xxxxxxx..xxX%%%%%XXX
xxxxxxxxxxXX%%-%%XXX
xxxxxxxxxXXX%%%%%XXX
xxxxxxxxxXXXX%%%XXXX
xxxxxxxxxXXXXXXXXXXX
xxxxxxxxxXXXXXXXXXXX
xxxxxxxxxXXXXXXXXXXX
