oooOOOO00000OOOOoooo
oooOOOO00+00OOOOoooo
oooOOOO00000OOOOoooo
ooooOOOO000OOOOooooo
oooooOOOOOOOOOoooooo
ooooooOOOOOOOoooooo.
.oooooooOOOooooooo..
....ooooooooooo.....
....................
....................
....................
....xxxxxxxxxxx.....
.xxxxxxxXXXxxxxxxx..
xxxxxxXXXXXXXxxxxxx.
xxxxxXXXXXXXXXxxxxxx
xxxxXXXX%%%XXXXxxxxx
xxxXXXX%%%%%XXXXxxxx
xxxXXXX%%-%%XXXXxxxx
xxxXXXX%%%%%XXXXxxxx
xxxXXXXX%%%XXXXXxxxx
