aw
wz
abababababababababab
babababababababababa
abababababababababab
babababababababababa
abababababababababab
babababababababababa
abababababababababab
babababababababababa
abababababababababab
babababababababababa
abababababababababab
babababababababababa
abababababababababab
babababababababababa
abababababababababab
babababababababababa
abababababababababab
babababababababababa
abababababababababab
babababababababababa
