3
Day 1: Benjamin Katrina 
Day 2: Amanda Alex 
Day 3: Alex Katrina 
Day 4: Akshay Zachary 
Day 5: Collin Chelsea 
Day 6: Collin Schlake 
Day 7: Akshay Sydney 
Day 8: Pawl Meredith 
Day 9: Joel Kylie 
Day 10: Alex Amanda 
Day 11: Josh Meredith 
Day 12: Akshay Meredith 
Day 13: Schlake Sydney 
Day 14: Shahmir Amy 
Day 15: Kylie Katrina 
Day 16: Sydney Amanda 
Day 17: Amy Harrison 
Day 18: Collin Kylie 
Day 19: Harrison Tariq 
Day 20: Austin Benjamin 
Day 21: Amy Austin 
Day 22: Tariq Shahmir 
Day 23: Austin Joel 
Day 24: Benjamin Josh 
Day 25: Joel Tariq 
Day 26: Schlake Pawl 
Day 27: Harrison Pawl 
Day 28: Shahmir Josh 
Day 29: Chelsea Zachary 
Day 30: Zachary Chelsea 
